// Bun Snapshot v1, https://bun.sh/docs/test/snapshots

exports[`clippy :: error + warnings 1`] = `
[
  {
    "endColumn": 14,
    "endLine": 4,
    "file": undefined,
    "startColumn": 9,
    "startLine": 4,
    "title": "variable does not need to be mutable",
  },
]
`;

exports[`clippy :: error + warnings 2`] = `
[
  {
    "endColumn": 24,
    "endLine": 5,
    "file": undefined,
    "startColumn": 8,
    "startLine": 5,
    "title": "equal expressions as operands to \`==\`",
  },
]
`;

exports[`clippy :: no warning or error messages 1`] = `
{
  "error": [],
  "info": [],
  "warning": [],
}
`;
